
==============================================================
    Jasper Verification Results
==============================================================
    2025.12p002 64 bits for Linux64 4.18.0-372.26.1.el8_6.x86_64
    Host Name: workstation.tail38c6e8.ts.net
    User Name: robin
    Printed on: Monday, Jun29, 2026 01:52:09 PM CST
    Working Directory: /home/robin/Projects/awesome-formal-verification-skill/test/weak_model_ab/helper_counters


==============================================================
SUMMARY
==============================================================
    Total Tasks           : 1
    Total Properties      : 4
          assumptions     : 0                   
           - approved     : 0                   
           - temporary    : 0                   
          assertions      : 3                   
           - proven       : 3                   ( 100.0% )
           - marked_proven: 0                   ( 0.0% )
           - cex          : 0                   ( 0.0% )
           - ar_cex       : 0                   ( 0.0% )
           - undetermined : 0                   ( 0.0% )
           - unprocessed  : 0                   ( 0.0% )
           - error        : 0                   ( 0.0% )
          covers          : 1                   
           - unreachable  : 0                   ( 0.0% )
           - covered      : 0                   ( 0.0% )
           - ar_covered   : 0                   ( 0.0% )
           - undetermined : 1                   ( 100.0% )
           - unprocessed  : 0                   ( 0.0% )
           - error        : 0                   ( 0.0% )

==============================================================
RESULTS
==============================================================

-----------------------------------------------------------------------------------------
       Name                             |    Result    |  Engine  |  Bound  |  Time    
-----------------------------------------------------------------------------------------

---[ <embedded> ]------------------------------------------------------------------------
[1]   :noConflict                            proven          PRE    Infinite    0.000 s      
[2]   test._assert_1                         proven          H      Infinite    0.000 s      
[3]   test._assert_1:precondition1           undetermined    PRE        2 -     0.000 s      
[4]   eq_cnt                                 proven          H      Infinite    0.000 s      
